
16:49:51.113 [info] Loading 64 CA(s) from :otp store

16:49:51.585 id=0 [debug] handled request client -> server initialize in 145ms

16:49:51.595 [debug] sent notification server -> client window/logMessage

16:49:51.600 [debug] NextLS v0.23.4 has initialized!

16:49:51.600 [debug] sent notification server -> client window/logMessage

16:49:51.601 [debug] Log file located at c:/Users/Dan/Desktop/student_grade_management/.elixir-tools/next-ls.log

16:49:51.604 [debug] sent notification server -> client window/logMessage

16:49:51.604 [info] [extension] Credo initializing with options %NextLS.InitOpts.Extensions.Credo{enable: true, cli_options: []}

16:49:51.604 id=3528 [debug] sent request server -> client client/registerCapability

16:49:51.609 [debug] handled notification client -> server textDocument/didOpen in 7ms

16:49:51.609 [debug] handled notification client -> server textDocument/didOpen in 7ms

16:49:51.609 [debug] handled notification client -> server textDocument/didOpen in 9ms

16:49:51.609 [debug] handled notification client -> server textDocument/didOpen in 8ms

16:49:51.640 id=1 [debug] handled request client -> server textDocument/documentSymbol in 37ms

16:49:51.717 id=2 [debug] handled request client -> server textDocument/codeAction in 104ms

16:49:51.902 id=3 [debug] handled request client -> server textDocument/documentSymbol in 820µs

16:50:11.984 [debug] sent notification server -> client window/logMessage

16:50:11.984 [warning] Failed to unzip and install the bundled Elixir archive.

** (MatchError) no match of right hand side value: {"=ERROR REPORT==== 18-Jul-2026::16:50:11.635000 ===\nbeam\\beam_load.c(604): Error loading function 'Elixir.Kernel':maybe_atomize_calendar/2:\n  please re-compile this module with an Erlang/OTP 29 compiler or update your Erlang/OTP version\n\n\nLogger - error: {removed_failing_filter,logger_translator}\r\nRuntime terminating during boot ({undef,[{'Elixir.Kernel',inspect,[<0.91.0>],[]},{'Elixir.Exception',format_banner,3,[{file,\"lib/exception.ex\"},{line,148}]},{'Elixir.Kernel.CLI',format_error,3,[{file,\"lib/kernel/cli.ex\"},{line,107}]},{'Elixir.Kernel.CLI',print_error,3,[{file,\"lib/kernel/cli.ex\"},{line,177}]},{'Elixir.Kernel.CLI',exec_fun,2,[{file,\"lib/kernel/cli.ex\"},{line,165}]},{'Elixir.Kernel.CLI',run,1,[{file,\"lib/kernel/cli.ex\"},{line,54}]},{init,start_it,1,[{file,\"init.erl\"},{line,1571}]},{init,start_em,1,[{file,\"init.erl\"},{line,1546}]}]})\r\n\r\nCrash dump is being written to: erl_crash.dump...done\r\n", 1}
    (next_ls 0.23.4) lib/next_ls/runtime/bundled_elixir.ex:55: NextLS.Runtime.BundledElixir.install/2
    (next_ls 0.23.4) lib/next_ls.ex:882: NextLS.handle_notification/2
    (gen_lsp 0.11.0) lib/gen_lsp.ex:528: anonymous fn/2 in GenLSP.loop/3
    (telemetry 1.3.0) /Users/runner/work/next-ls/next-ls/deps/telemetry/src/telemetry.erl:324: :telemetry.span/3
    (gen_lsp 0.11.0) lib/gen_lsp.ex:524: anonymous fn/4 in GenLSP.loop/3
    (gen_lsp 0.11.0) lib/gen_lsp.ex:601: anonymous fn/4 in GenLSP.attempt/4
    (elixir 1.17.3) lib/task/supervised.ex:101: Task.Supervised.invoke_mfa/2



16:50:11.984 [debug] sent notification server -> client window/logMessage

16:50:11.985 [debug] Booting runtimes...

16:50:11.998 id=7 [debug] sent request server -> client window/workDoneProgress/create

16:50:12.010 [debug] sent notification server -> client $/progress

16:50:12.060 [debug] sent notification server -> client window/logMessage

16:50:12.061 [info] Beginning DB migration...

16:50:12.086 [debug] sent notification server -> client window/logMessage

16:50:12.086 [info] Database is being upgraded from version 0 to 7.

This will trigger a full recompilation in order to re-index your codebase.


16:50:12.095 [debug] sent notification server -> client window/logMessage

16:50:12.095 [info] Finished DB migration...

16:50:12.097 [error] ** (MatchError) no match of right hand side value: {:error, {:shutdown, {:failed_to_start_child, NextLS.Runtime, {:badarg, [{NextLS.Runtime, :init, 1, [file: ~c"lib/next_ls/runtime.ex", line: 131, error_info: %{cause: {1, :binary, :type, nil}, function: :format_bs_fail, module: :erl_erts_errors}]}, {:gen_server, :init_it, 2, [file: ~c"gen_server.erl", line: 2229]}, {:gen_server, :init_it, 6, [file: ~c"gen_server.erl", line: 2184]}, {:proc_lib, :init_p_do_apply, 3, [file: ~c"proc_lib.erl", line: 329]}]}}}}
    (next_ls 0.23.4) lib/next_ls.ex:907: anonymous fn/5 in NextLS.handle_notification/2
    (elixir 1.17.3) lib/enum.ex:2531: Enum."-reduce/3-lists^foldl/2-0-"/3
    (next_ls 0.23.4) lib/next_ls.ex:902: NextLS.handle_notification/2
    (gen_lsp 0.11.0) lib/gen_lsp.ex:528: anonymous fn/2 in GenLSP.loop/3
    (telemetry 1.3.0) /Users/runner/work/next-ls/next-ls/deps/telemetry/src/telemetry.erl:324: :telemetry.span/3
    (gen_lsp 0.11.0) lib/gen_lsp.ex:524: anonymous fn/4 in GenLSP.loop/3
    (gen_lsp 0.11.0) lib/gen_lsp.ex:601: anonymous fn/4 in GenLSP.attempt/4
    (elixir 1.17.3) lib/task/supervised.ex:101: Task.Supervised.invoke_mfa/2


16:50:12.097 [debug] sent notification server -> client window/logMessage

16:50:12.097 [warning] client -> server notification crashed

16:50:12.204 [debug] handled notification client -> server $/cancelRequest in 7ms

16:50:12.447 id=5 [debug] handled request client -> server textDocument/codeAction in 922µs

16:50:13.644 id=6 [debug] handled request client -> server textDocument/codeAction in 512µs

16:50:17.125 id=7 [debug] handled request client -> server textDocument/codeAction in 614µs

16:50:17.137 [debug] handled notification client -> server textDocument/didChange in 13ms

16:50:17.416 [debug] handled notification client -> server textDocument/didChange in 307µs

16:50:17.416 id=8 [debug] handled request client -> server textDocument/codeAction in 102µs

16:50:17.505 id=9 [debug] handled request client -> server textDocument/documentSymbol in 819µs

16:50:17.515 id=10 [debug] handled request client -> server textDocument/documentSymbol in 2ms

16:50:18.775 id=11 [debug] handled request client -> server textDocument/codeAction in 615µs

16:50:19.471 [debug] handled notification client -> server textDocument/didChange in 1ms

16:50:19.483 id=12 [debug] handled request client -> server textDocument/codeAction in 819µs

16:50:19.583 id=13 [debug] handled request client -> server textDocument/documentSymbol in 1ms

16:50:19.583 id=14 [debug] handled request client -> server textDocument/documentSymbol in 2ms

16:50:20.950 [debug] handled notification client -> server textDocument/didSave in 8ms

16:50:21.282 [debug] handled notification client -> server workspace/didChangeWatchedFiles in 10ms

16:50:39.212 [debug] handled notification client -> server $/cancelRequest in 103µs

16:50:40.370 id=16 [debug] handled request client -> server textDocument/codeAction in 204µs

16:50:40.929 id=17 [debug] handled request client -> server textDocument/codeAction in 205µs

16:50:41.074 id=18 [debug] handled request client -> server textDocument/codeAction in 410µs

16:51:19.378 id=19 [debug] handled request client -> server textDocument/codeAction in 614µs

16:51:19.526 id=20 [debug] handled request client -> server textDocument/codeAction in 717µs

16:51:20.129 [debug] handled notification client -> server textDocument/didChange in 717µs

16:51:20.129 id=21 [debug] handled request client -> server textDocument/codeAction in 512µs

16:51:20.218 id=22 [debug] handled request client -> server textDocument/documentSymbol in 2ms

16:51:20.245 [debug] handled notification client -> server textDocument/didChange in 1ms

16:51:20.246 id=23 [debug] handled request client -> server textDocument/documentSymbol in 2ms

16:51:20.491 id=24 [debug] handled request client -> server textDocument/codeAction in 615µs

16:51:20.577 [debug] handled notification client -> server textDocument/didChange in 717µs

16:51:20.578 id=25 [debug] handled request client -> server textDocument/documentSymbol in 1ms

16:51:20.795 id=26 [debug] handled request client -> server textDocument/codeAction in 307µs

16:51:21.085 [debug] handled notification client -> server textDocument/didChange in 922µs

16:51:21.085 id=27 [debug] handled request client -> server textDocument/codeAction in 512µs

16:51:21.366 [debug] handled notification client -> server textDocument/didChange in 922µs

16:51:21.367 id=28 [debug] handled request client -> server textDocument/codeAction in 717µs

16:51:21.629 [debug] handled notification client -> server textDocument/didChange in 820µs

16:51:21.739 id=29 [debug] handled request client -> server textDocument/documentSymbol in 2ms

16:51:21.739 id=30 [debug] handled request client -> server textDocument/documentSymbol in 2ms

16:51:22.607 [debug] handled notification client -> server textDocument/didChange in 921µs

16:51:22.607 id=31 [debug] handled request client -> server textDocument/codeAction in 512µs

16:51:22.755 id=32 [debug] handled request client -> server textDocument/codeAction in 921µs

16:51:22.850 id=33 [debug] handled request client -> server textDocument/documentSymbol in 1ms

16:51:22.850 id=34 [debug] handled request client -> server textDocument/documentSymbol in 922µs

16:51:25.864 [debug] handled notification client -> server $/cancelRequest in 205µs

16:51:35.115 id=36 [debug] handled request client -> server textDocument/codeAction in 512µs

16:51:35.272 id=37 [debug] handled request client -> server textDocument/codeAction in 205µs

16:51:38.665 id=38 [debug] handled request client -> server textDocument/hover in 1021ms

16:51:39.154 [debug] handled notification client -> server $/cancelRequest in 102µs

16:51:39.408 id=40 [debug] handled request client -> server textDocument/codeAction in 205µs

16:51:39.828 id=41 [debug] handled request client -> server textDocument/codeAction in 205µs

16:51:41.490 [debug] handled notification client -> server textDocument/didChange in 1ms

16:51:41.496 id=42 [debug] handled request client -> server textDocument/codeAction in 615µs

16:51:41.599 id=43 [debug] handled request client -> server textDocument/documentSymbol in 1ms

16:51:41.599 id=44 [debug] handled request client -> server textDocument/documentSymbol in 1ms

16:51:42.386 [debug] handled notification client -> server textDocument/didChange in 1ms

16:51:42.386 id=45 [debug] handled request client -> server textDocument/codeAction in 1ms

16:51:42.484 id=46 [debug] handled request client -> server textDocument/documentSymbol in 2ms

16:51:42.492 id=47 [debug] handled request client -> server textDocument/documentSymbol in 1ms

16:51:44.286 [debug] handled notification client -> server $/cancelRequest in 204µs

16:51:46.077 [debug] handled notification client -> server $/cancelRequest in 205µs

16:51:46.255 [debug] handled notification client -> server $/cancelRequest in 307µs

16:51:46.509 id=51 [debug] handled request client -> server textDocument/codeAction in 512µs

16:51:47.147 [debug] handled notification client -> server textDocument/didChange in 922µs

16:51:47.148 id=52 [debug] handled request client -> server textDocument/codeAction in 614µs

16:51:47.239 [debug] handled notification client -> server textDocument/didChange in 512µs

16:51:47.240 id=53 [debug] handled request client -> server textDocument/documentSymbol in 922µs

16:51:47.454 id=54 [debug] handled request client -> server textDocument/codeAction in 512µs

16:51:47.759 [debug] handled notification client -> server textDocument/didChange in 1ms

16:51:47.760 id=55 [debug] handled request client -> server textDocument/codeAction in 819µs

16:51:47.848 [debug] handled notification client -> server textDocument/didChange in 204µs

16:51:47.849 id=56 [debug] handled request client -> server textDocument/documentSymbol in 512µs

16:51:48.077 id=57 [debug] handled request client -> server textDocument/codeAction in 614µs

16:51:48.369 [debug] handled notification client -> server textDocument/didChange in 716µs

16:51:48.369 id=58 [debug] handled request client -> server textDocument/codeAction in 614µs

16:51:48.462 [debug] handled notification client -> server textDocument/didChange in 1ms

16:51:48.463 id=59 [debug] handled request client -> server textDocument/documentSymbol in 1ms

16:51:48.686 id=60 [debug] handled request client -> server textDocument/codeAction in 512µs

16:51:48.791 id=61 [debug] handled request client -> server textDocument/documentSymbol in 1ms

16:51:48.792 id=62 [debug] handled request client -> server textDocument/documentSymbol in 2ms

16:51:49.157 [debug] handled notification client -> server textDocument/didChange in 614µs

16:51:49.157 id=63 [debug] handled request client -> server textDocument/codeAction in 512µs

16:51:49.252 id=64 [debug] handled request client -> server textDocument/documentSymbol in 1ms

16:51:49.252 id=65 [debug] handled request client -> server textDocument/documentSymbol in 1ms

16:51:50.306 [debug] handled notification client -> server $/cancelRequest in 307µs

16:51:51.292 [debug] handled notification client -> server $/cancelRequest in 204µs

16:51:51.579 id=68 [debug] handled request client -> server textDocument/codeAction in 512µs

16:51:51.871 id=69 [debug] handled request client -> server textDocument/codeAction in 307µs

16:51:52.173 [debug] handled notification client -> server textDocument/didChange in 410µs

16:51:52.175 [debug] sent notification server -> client window/logMessage

16:51:52.175 id=70 [debug] handled request client -> server textDocument/documentSymbol in 2ms

16:51:52.404 [debug] sent notification server -> client window/logMessage

16:51:52.404 id=71 [debug] handled request client -> server textDocument/documentSymbol in 1ms

16:51:52.883 [debug] handled notification client -> server $/cancelRequest in 307µs

16:51:53.694 id=73 [debug] handled request client -> server textDocument/codeAction in 308µs

16:51:53.950 [debug] handled notification client -> server textDocument/didChange in 410µs

16:51:53.956 [debug] sent notification server -> client window/logMessage

16:51:53.957 id=74 [debug] handled request client -> server textDocument/documentSymbol in 6ms

16:51:54.110 [debug] handled notification client -> server textDocument/didChange in 409µs

16:51:54.111 id=75 [debug] handled request client -> server textDocument/documentSymbol in 1ms

16:51:54.250 [debug] handled notification client -> server textDocument/didChange in 819µs

16:51:54.251 id=76 [debug] handled request client -> server textDocument/documentSymbol in 1ms

16:51:54.422 [debug] handled notification client -> server textDocument/didChange in 717µs

16:51:54.423 id=77 [debug] handled request client -> server textDocument/documentSymbol in 1ms

16:51:54.678 id=78 [debug] handled request client -> server textDocument/documentSymbol in 1ms

16:51:55.501 id=79 [debug] handled request client -> server textDocument/codeAction in 204µs

16:51:57.260 [debug] handled notification client -> server textDocument/didChange in 1ms

16:51:57.270 id=80 [debug] handled request client -> server textDocument/codeAction in 409µs

16:51:57.355 id=81 [debug] handled request client -> server textDocument/documentSymbol in 717µs

16:51:57.361 id=82 [debug] handled request client -> server textDocument/documentSymbol in 614µs

16:51:59.848 [debug] handled notification client -> server textDocument/didSave in 1ms

16:52:00.152 [debug] handled notification client -> server workspace/didChangeWatchedFiles in 512µs

16:52:16.915 id=83 [debug] handled request client -> server textDocument/codeAction in 205µs

16:52:16.933 id=84 [debug] handled request client -> server textDocument/documentSymbol in 1ms

16:52:17.012 id=85 [debug] handled request client -> server textDocument/codeAction in 409µs

16:52:17.182 id=86 [debug] handled request client -> server textDocument/codeAction in 1ms

16:52:17.221 id=87 [debug] handled request client -> server textDocument/documentSymbol in 1ms

16:52:18.751 id=88 [debug] handled request client -> server textDocument/codeAction in 205µs

16:52:18.766 id=89 [debug] handled request client -> server textDocument/documentSymbol in 3ms

16:52:18.853 id=90 [debug] handled request client -> server textDocument/codeAction in 409µs

16:52:19.015 id=91 [debug] handled request client -> server textDocument/codeAction in 1ms

16:52:19.064 id=92 [debug] handled request client -> server textDocument/documentSymbol in 4ms

16:53:13.343 id=93 [debug] handled request client -> server textDocument/codeAction in 512µs

16:53:13.681 id=94 [debug] handled request client -> server textDocument/codeAction in 615µs

16:53:13.837 id=95 [debug] handled request client -> server textDocument/codeAction in 307µs

16:53:43.045 [debug] handled notification client -> server $/cancelRequest in 307µs

16:53:43.572 id=97 [debug] handled request client -> server textDocument/codeAction in 512µs

16:53:43.718 id=98 [debug] handled request client -> server textDocument/codeAction in 819µs

16:53:44.443 [debug] handled notification client -> server textDocument/didChange in 1ms

16:53:44.550 id=99 [debug] handled request client -> server textDocument/documentSymbol in 3ms

16:53:44.551 id=100 [debug] handled request client -> server textDocument/documentSymbol in 3ms

16:53:45.128 [debug] handled notification client -> server textDocument/didChange in 1ms

16:53:45.128 id=101 [debug] handled request client -> server textDocument/codeAction in 614µs

16:53:45.227 [debug] sent notification server -> client window/logMessage

16:53:45.227 id=102 [debug] handled request client -> server textDocument/documentSymbol in 1ms

16:53:45.232 [debug] sent notification server -> client window/logMessage

16:53:45.233 id=103 [debug] handled request client -> server textDocument/documentSymbol in 1ms

16:54:00.297 [debug] handled notification client -> server $/cancelRequest in 102µs

16:54:00.921 [debug] handled notification client -> server $/cancelRequest in 205µs

16:54:01.235 id=106 [debug] handled request client -> server textDocument/codeAction in 717µs

16:54:01.389 id=107 [debug] handled request client -> server textDocument/codeAction in 615µs

16:54:03.366 [debug] handled notification client -> server textDocument/didChange in 1ms

16:54:03.479 id=108 [debug] handled request client -> server textDocument/documentSymbol in 3ms

16:54:03.479 id=109 [debug] handled request client -> server textDocument/documentSymbol in 3ms

16:54:04.906 [debug] handled notification client -> server $/cancelRequest in 410µs

16:54:05.223 id=111 [debug] handled request client -> server textDocument/codeAction in 819µs

16:54:05.377 id=112 [debug] handled request client -> server textDocument/codeAction in 717µs

16:54:05.700 [debug] handled notification client -> server textDocument/didChange in 1ms

16:54:05.801 [debug] sent notification server -> client window/logMessage

16:54:05.801 id=113 [debug] handled request client -> server textDocument/documentSymbol in 2ms

16:54:05.802 [debug] sent notification server -> client window/logMessage

16:54:05.802 id=114 [debug] handled request client -> server textDocument/documentSymbol in 3ms

16:54:07.005 [debug] handled notification client -> server $/cancelRequest in 102µs

16:54:07.219 [debug] handled notification client -> server $/cancelRequest in 205µs

16:54:07.537 id=117 [debug] handled request client -> server textDocument/codeAction in 717µs

16:54:07.688 id=118 [debug] handled request client -> server textDocument/codeAction in 205µs

16:54:08.043 [debug] handled notification client -> server textDocument/didChange in 1ms

16:54:08.146 [debug] sent notification server -> client window/logMessage

16:54:08.146 id=119 [debug] handled request client -> server textDocument/documentSymbol in 2ms

16:54:08.146 [debug] sent notification server -> client window/logMessage

16:54:08.147 id=120 [debug] handled request client -> server textDocument/documentSymbol in 2ms

16:54:08.478 [debug] handled notification client -> server textDocument/didSave in 1ms

16:54:08.862 [debug] handled notification client -> server workspace/didChangeWatchedFiles in 307µs

16:54:09.856 id=121 [debug] handled request client -> server textDocument/codeAction in 205µs

16:54:14.903 [debug] handled notification client -> server textDocument/didChange in 615µs

16:54:14.904 id=122 [debug] handled request client -> server textDocument/codeAction in 307µs

16:54:16.644 [debug] handled notification client -> server textDocument/didChange in 615µs

16:54:17.126 [debug] handled notification client -> server textDocument/didChange in 307µs

16:54:17.126 id=123 [debug] handled request client -> server textDocument/codeAction in 205µs

16:54:17.440 id=124 [debug] handled request client -> server textDocument/documentSymbol in 3ms

16:54:17.440 id=125 [debug] handled request client -> server textDocument/documentSymbol in 3ms

16:54:18.062 [debug] handled notification client -> server textDocument/didChange in 717µs

16:54:18.163 id=126 [debug] handled request client -> server textDocument/documentSymbol in 1ms

16:54:18.164 id=127 [debug] handled request client -> server textDocument/documentSymbol in 1ms

16:54:18.885 [debug] handled notification client -> server textDocument/didChange in 922µs

16:54:18.964 [debug] sent notification server -> client window/logMessage

16:54:18.964 id=128 [debug] handled request client -> server textDocument/documentSymbol in 2ms

16:54:18.965 [debug] sent notification server -> client window/logMessage

16:54:18.965 id=129 [debug] handled request client -> server textDocument/documentSymbol in 1ms

16:54:21.999 id=130 [debug] handled request client -> server textDocument/codeAction in 716µs

16:54:22.253 [debug] handled notification client -> server textDocument/didChange in 1ms

16:54:22.253 id=131 [debug] handled request client -> server textDocument/codeAction in 512µs

16:54:22.396 id=132 [debug] handled request client -> server textDocument/codeAction in 205µs

16:54:22.497 [debug] sent notification server -> client window/logMessage

16:54:22.497 id=133 [debug] handled request client -> server textDocument/documentSymbol in 2ms

16:54:22.497 [debug] sent notification server -> client window/logMessage

16:54:22.499 id=134 [debug] handled request client -> server textDocument/documentSymbol in 2ms

16:54:23.254 [debug] handled notification client -> server textDocument/didChange in 1ms

16:54:23.255 id=135 [debug] handled request client -> server textDocument/codeAction in 615µs

16:54:23.344 id=136 [debug] handled request client -> server textDocument/documentSymbol in 2ms

16:54:23.355 id=137 [debug] handled request client -> server textDocument/documentSymbol in 3ms

16:54:24.256 [debug] handled notification client -> server textDocument/didChange in 1ms

16:54:24.256 id=138 [debug] handled request client -> server textDocument/codeAction in 716µs

16:54:24.344 [debug] sent notification server -> client window/logMessage

16:54:24.344 id=139 [debug] handled request client -> server textDocument/documentSymbol in 1ms

16:54:24.345 [debug] sent notification server -> client window/logMessage

16:54:24.345 id=140 [debug] handled request client -> server textDocument/documentSymbol in 2ms

16:54:41.385 [debug] handled notification client -> server $/cancelRequest in 205µs

16:54:41.492 id=142 [debug] handled request client -> server textDocument/codeAction in 308µs

16:54:41.708 id=143 [debug] handled request client -> server textDocument/codeAction in 614µs

16:54:41.850 id=144 [debug] handled request client -> server textDocument/codeAction in 512µs

16:54:42.660 [debug] handled notification client -> server textDocument/didChange in 307µs

16:54:42.766 id=145 [debug] handled request client -> server textDocument/documentSymbol in 2ms

16:54:42.766 id=146 [debug] handled request client -> server textDocument/documentSymbol in 2ms

16:55:01.324 [debug] handled notification client -> server $/cancelRequest in 307µs

16:55:03.551 [debug] handled notification client -> server $/cancelRequest in 204µs

16:55:03.855 id=149 [debug] handled request client -> server textDocument/codeAction in 512µs

16:55:04.013 id=150 [debug] handled request client -> server textDocument/codeAction in 614µs

16:55:04.327 [debug] handled notification client -> server textDocument/didChange in 1ms

16:55:04.432 [debug] sent notification server -> client window/logMessage

16:55:04.432 id=151 [debug] handled request client -> server textDocument/documentSymbol in 1ms

16:55:04.433 [debug] sent notification server -> client window/logMessage

16:55:04.433 id=152 [debug] handled request client -> server textDocument/documentSymbol in 2ms

16:55:04.824 [debug] handled notification client -> server textDocument/didChange in 410µs

16:55:04.824 [debug] handled notification client -> server textDocument/didSave in 307µs

16:55:05.129 [debug] sent notification server -> client window/logMessage

16:55:05.129 id=153 [debug] handled request client -> server textDocument/documentSymbol in 3ms

16:55:05.136 [debug] sent notification server -> client window/logMessage

16:55:05.136 id=154 [debug] handled request client -> server textDocument/documentSymbol in 2ms

16:55:05.185 [debug] handled notification client -> server workspace/didChangeWatchedFiles in 717µs

16:55:11.184 [debug] handled notification client -> server textDocument/didChange in 922µs

16:55:11.284 [debug] sent notification server -> client window/logMessage

16:55:11.284 id=155 [debug] handled request client -> server textDocument/documentSymbol in 2ms

16:55:11.286 [debug] sent notification server -> client window/logMessage

16:55:11.287 id=156 [debug] handled request client -> server textDocument/documentSymbol in 2ms

16:55:11.498 [debug] handled notification client -> server textDocument/didChange in 1ms

16:55:11.498 id=157 [debug] handled request client -> server textDocument/codeAction in 615µs

16:55:11.644 id=158 [debug] handled request client -> server textDocument/codeAction in 717µs

16:55:11.741 id=159 [debug] handled request client -> server textDocument/documentSymbol in 2ms

16:55:11.748 id=160 [debug] handled request client -> server textDocument/documentSymbol in 2ms

16:55:15.554 [debug] handled notification client -> server textDocument/didSave in 1ms

16:55:15.892 [debug] handled notification client -> server workspace/didChangeWatchedFiles in 1ms

16:58:09.335 id=161 [debug] handled request client -> server textDocument/codeAction in 205µs

16:58:09.442 id=162 [debug] handled request client -> server textDocument/codeAction in 308µs

16:58:09.601 id=163 [debug] handled request client -> server textDocument/codeAction in 205µs

16:58:09.642 id=164 [debug] handled request client -> server textDocument/documentSymbol in 1ms

16:58:12.783 [debug] handled notification client -> server $/cancelRequest in 307µs

16:58:35.496 id=166 [debug] handled request client -> server textDocument/codeAction in 512µs

16:58:35.951 id=167 [debug] handled request client -> server textDocument/codeAction in 205µs

16:58:36.110 id=168 [debug] handled request client -> server textDocument/codeAction in 614µs

16:58:36.264 [debug] handled notification client -> server textDocument/didChange in 921µs

16:58:36.265 id=169 [debug] handled request client -> server textDocument/codeAction in 716µs

16:58:36.420 id=170 [debug] handled request client -> server textDocument/codeAction in 1ms

16:58:36.544 [debug] handled notification client -> server textDocument/didChange in 205µs

16:58:36.545 [debug] handled notification client -> server textDocument/didSave in 307µs

16:58:36.545 [debug] handled notification client -> server $/cancelRequest in 102µs

16:58:36.845 id=172 [debug] handled request client -> server textDocument/documentSymbol in 1ms

16:58:36.845 id=173 [debug] handled request client -> server textDocument/documentSymbol in 1ms

16:58:36.949 [debug] handled notification client -> server workspace/didChangeWatchedFiles in 922µs

16:58:48.712 id=174 [debug] handled request client -> server textDocument/codeAction in 410µs

16:58:48.809 id=175 [debug] handled request client -> server textDocument/codeAction in 409µs

16:58:48.977 id=176 [debug] handled request client -> server textDocument/codeAction in 820µs

16:58:49.031 id=177 [debug] handled request client -> server textDocument/documentSymbol in 3ms

16:58:49.382 [debug] handled notification client -> server $/cancelRequest in 205µs

16:59:03.780 id=179 [debug] handled request client -> server textDocument/codeAction in 717µs

16:59:04.132 [debug] handled notification client -> server textDocument/didChange in 921µs

16:59:04.243 id=180 [debug] handled request client -> server textDocument/documentSymbol in 2ms

16:59:04.244 id=181 [debug] handled request client -> server textDocument/documentSymbol in 2ms

16:59:04.503 [debug] handled notification client -> server textDocument/didChange in 307µs

16:59:04.503 id=182 [debug] handled request client -> server textDocument/codeAction in 308µs

16:59:04.604 id=183 [debug] handled request client -> server textDocument/documentSymbol in 2ms

16:59:04.618 id=184 [debug] handled request client -> server textDocument/documentSymbol in 3ms

16:59:05.612 [debug] handled notification client -> server textDocument/didChange in 512µs

16:59:05.630 id=185 [debug] handled request client -> server textDocument/codeAction in 307µs

16:59:05.725 id=186 [debug] handled request client -> server textDocument/documentSymbol in 1ms

16:59:05.725 id=187 [debug] handled request client -> server textDocument/documentSymbol in 1ms

16:59:08.263 [debug] handled notification client -> server textDocument/didSave in 819µs

16:59:08.601 [debug] handled notification client -> server workspace/didChangeWatchedFiles in 717µs

16:59:32.074 [debug] handled notification client -> server $/cancelRequest in 205µs

16:59:36.474 id=189 [debug] handled request client -> server textDocument/codeAction in 409µs

17:03:22.860 id=190 [debug] handled request client -> server textDocument/codeAction in 1ms

17:03:25.971 [debug] handled notification client -> server $/setTrace in 3ms

15:36:37.019 [info] Loading 64 CA(s) from :otp store

15:36:41.627 id=0 [debug] handled request client -> server initialize in 3446ms

15:36:41.720 [debug] handled notification client -> server textDocument/didOpen in 67ms

15:36:41.751 [debug] sent notification server -> client window/logMessage

15:36:41.800 [debug] NextLS v0.23.4 has initialized!

15:36:41.800 [debug] sent notification server -> client window/logMessage

15:36:41.800 [debug] Log file located at c:/Users/Dan/Desktop/student_grade_management/.elixir-tools/next-ls.log

15:36:41.853 [debug] sent notification server -> client window/logMessage

15:36:41.853 [info] [extension] Credo initializing with options %NextLS.InitOpts.Extensions.Credo{enable: true, cli_options: []}

15:36:41.853 id=5 [debug] sent request server -> client client/registerCapability

15:36:41.979 id=1 [debug] handled request client -> server textDocument/documentSymbol in 325ms

15:36:42.063 id=3 [debug] handled request client -> server textDocument/documentSymbol in 922µs

15:36:42.613 id=2 [debug] handled request client -> server textDocument/codeAction in 847ms

15:36:43.603 [debug] sent notification server -> client window/logMessage

15:36:43.603 [warning] Failed to unzip and install the bundled Elixir archive.

** (MatchError) no match of right hand side value: {"=ERROR REPORT==== 28-Jul-2026::15:36:42.882000 ===\nbeam\\beam_load.c(604): Error loading function 'Elixir.Kernel':maybe_atomize_calendar/2:\n  please re-compile this module with an Erlang/OTP 29 compiler or update your Erlang/OTP version\n\n\nLogger - error: {removed_failing_filter,logger_translator}\r\nRuntime terminating during boot ({undef,[{'Elixir.Kernel',inspect,[<0.91.0>],[]},{'Elixir.Exception',format_banner,3,[{file,\"lib/exception.ex\"},{line,148}]},{'Elixir.Kernel.CLI',format_error,3,[{file,\"lib/kernel/cli.ex\"},{line,107}]},{'Elixir.Kernel.CLI',print_error,3,[{file,\"lib/kernel/cli.ex\"},{line,177}]},{'Elixir.Kernel.CLI',exec_fun,2,[{file,\"lib/kernel/cli.ex\"},{line,165}]},{'Elixir.Kernel.CLI',run,1,[{file,\"lib/kernel/cli.ex\"},{line,54}]},{init,start_it,1,[{file,\"init.erl\"},{line,1571}]},{init,start_em,1,[{file,\"init.erl\"},{line,1546}]}]})\r\n\r\nCrash dump is being written to: erl_crash.dump...done\r\n", 1}
    (next_ls 0.23.4) lib/next_ls/runtime/bundled_elixir.ex:55: NextLS.Runtime.BundledElixir.install/2
    (next_ls 0.23.4) lib/next_ls.ex:882: NextLS.handle_notification/2
    (gen_lsp 0.11.0) lib/gen_lsp.ex:528: anonymous fn/2 in GenLSP.loop/3
    (telemetry 1.3.0) /Users/runner/work/next-ls/next-ls/deps/telemetry/src/telemetry.erl:324: :telemetry.span/3
    (gen_lsp 0.11.0) lib/gen_lsp.ex:524: anonymous fn/4 in GenLSP.loop/3
    (gen_lsp 0.11.0) lib/gen_lsp.ex:601: anonymous fn/4 in GenLSP.attempt/4
    (elixir 1.17.3) lib/task/supervised.ex:101: Task.Supervised.invoke_mfa/2



15:36:43.604 [debug] sent notification server -> client window/logMessage

15:36:43.604 [debug] Booting runtimes...

15:36:43.653 id=2 [debug] sent request server -> client window/workDoneProgress/create

15:36:43.736 [debug] sent notification server -> client $/progress

15:36:44.022 [debug] sent notification server -> client window/logMessage

15:36:44.022 [info] Beginning DB migration...

15:36:44.148 [debug] sent notification server -> client window/logMessage

15:36:44.148 [info] Database is on the latest version: 7

15:36:44.148 [debug] sent notification server -> client window/logMessage

15:36:44.148 [info] Finished DB migration...

15:36:44.149 [error] ** (MatchError) no match of right hand side value: {:error, {:shutdown, {:failed_to_start_child, NextLS.Runtime, {:badarg, [{NextLS.Runtime, :init, 1, [file: ~c"lib/next_ls/runtime.ex", line: 131, error_info: %{cause: {1, :binary, :type, nil}, function: :format_bs_fail, module: :erl_erts_errors}]}, {:gen_server, :init_it, 2, [file: ~c"gen_server.erl", line: 2229]}, {:gen_server, :init_it, 6, [file: ~c"gen_server.erl", line: 2184]}, {:proc_lib, :init_p_do_apply, 3, [file: ~c"proc_lib.erl", line: 329]}]}}}}
    (next_ls 0.23.4) lib/next_ls.ex:907: anonymous fn/5 in NextLS.handle_notification/2
    (elixir 1.17.3) lib/enum.ex:2531: Enum."-reduce/3-lists^foldl/2-0-"/3
    (next_ls 0.23.4) lib/next_ls.ex:902: NextLS.handle_notification/2
    (gen_lsp 0.11.0) lib/gen_lsp.ex:528: anonymous fn/2 in GenLSP.loop/3
    (telemetry 1.3.0) /Users/runner/work/next-ls/next-ls/deps/telemetry/src/telemetry.erl:324: :telemetry.span/3
    (gen_lsp 0.11.0) lib/gen_lsp.ex:524: anonymous fn/4 in GenLSP.loop/3
    (gen_lsp 0.11.0) lib/gen_lsp.ex:601: anonymous fn/4 in GenLSP.attempt/4
    (elixir 1.17.3) lib/task/supervised.ex:101: Task.Supervised.invoke_mfa/2


15:36:44.149 [debug] sent notification server -> client window/logMessage

15:36:44.149 [warning] client -> server notification crashed

16:10:37.955 [debug] handled notification client -> server textDocument/didOpen in 409µs

16:10:37.981 id=4 [debug] handled request client -> server textDocument/codeAction in 307µs

16:10:37.996 id=5 [debug] handled request client -> server textDocument/documentSymbol in 820µs

16:10:38.045 id=6 [debug] handled request client -> server textDocument/codeAction in 409µs

16:10:38.241 id=7 [debug] handled request client -> server textDocument/codeAction in 614µs

16:10:38.284 id=8 [debug] handled request client -> server textDocument/documentSymbol in 1ms

16:11:43.227 [debug] handled notification client -> server $/setTrace in 35ms

16:12:16.242 [debug] handled notification client -> server $/cancelRequest in 51ms

16:12:16.519 id=10 [debug] handled request client -> server textDocument/codeAction in 205µs

16:12:16.673 id=11 [debug] handled request client -> server textDocument/codeAction in 409µs

16:12:18.700 [debug] handled notification client -> server $/cancelRequest in 205µs

16:12:18.865 [debug] handled notification client -> server $/cancelRequest in 103µs

16:12:20.421 id=14 [debug] handled request client -> server textDocument/hover in 1095ms

16:12:21.695 id=15 [debug] handled request client -> server textDocument/hover in 1004ms

16:12:24.390 id=16 [debug] handled request client -> server textDocument/hover in 1009ms

16:12:25.311 [debug] handled notification client -> server $/cancelRequest in 307µs

16:12:26.142 [debug] handled notification client -> server $/cancelRequest in 205µs

16:12:27.595 id=19 [debug] handled request client -> server textDocument/hover in 1007ms

19:09:42.211 id=20 [debug] handled request client -> server textDocument/codeAction in 3ms

19:14:28.372 [debug] handled notification client -> server textDocument/didClose in 49ms

19:26:30.918 [debug] handled notification client -> server textDocument/didOpen in 2ms

19:26:30.922 id=21 [debug] handled request client -> server textDocument/codeAction in 307µs

19:26:30.944 id=22 [debug] handled request client -> server textDocument/documentSymbol in 6ms

19:26:31.006 id=23 [debug] handled request client -> server textDocument/codeAction in 308µs

19:26:31.195 id=24 [debug] handled request client -> server textDocument/codeAction in 1ms

19:26:31.248 id=25 [debug] handled request client -> server textDocument/documentSymbol in 2ms

19:26:49.811 id=26 [debug] handled request client -> server textDocument/codeAction in 204µs

19:26:50.006 id=27 [debug] handled request client -> server textDocument/codeAction in 512µs

19:26:50.901 id=28 [debug] handled request client -> server textDocument/codeAction in 1ms

19:26:51.086 id=29 [debug] handled request client -> server textDocument/codeAction in 307µs

19:26:51.238 id=30 [debug] handled request client -> server textDocument/codeAction in 410µs

19:26:51.713 id=31 [debug] handled request client -> server textDocument/codeAction in 716µs

19:26:51.716 id=32 [debug] handled request client -> server textDocument/codeAction in 614µs

19:26:51.718 [debug] handled notification client -> server $/cancelRequest in 614µs

19:26:51.718 id=33 [debug] handled request client -> server textDocument/documentSymbol in 2ms

19:26:51.720 id=34 [debug] handled request client -> server textDocument/documentSymbol in 2ms

19:26:51.787 [debug] handled notification client -> server textDocument/didChange in 75ms

19:26:52.800 [debug] handled notification client -> server textDocument/didChange in 1ms

19:26:52.841 [debug] handled notification client -> server textDocument/didSave in 41ms

19:26:53.017 id=35 [debug] handled request client -> server textDocument/documentSymbol in 1ms

19:26:53.114 id=36 [debug] handled request client -> server textDocument/documentSymbol in 1ms

19:26:53.208 [debug] handled notification client -> server workspace/didChangeWatchedFiles in 94ms

19:27:02.845 [debug] handled notification client -> server textDocument/didOpen in 614µs

19:27:02.845 id=37 [debug] handled request client -> server textDocument/codeAction in 409µs

19:27:02.865 id=38 [debug] handled request client -> server textDocument/documentSymbol in 1ms

19:27:03.150 id=39 [debug] handled request client -> server textDocument/documentSymbol in 1ms

19:27:03.524 id=40 [debug] handled request client -> server textDocument/codeAction in 614µs

19:27:03.922 id=41 [debug] handled request client -> server textDocument/codeAction in 716µs

19:27:04.068 id=42 [debug] handled request client -> server textDocument/codeAction in 819µs

19:27:04.278 [debug] handled notification client -> server textDocument/didChange in 512µs

19:27:04.279 id=43 [debug] handled request client -> server textDocument/codeAction in 512µs

19:27:04.430 id=44 [debug] handled request client -> server textDocument/codeAction in 717µs

19:27:04.536 id=45 [debug] handled request client -> server textDocument/documentSymbol in 3ms

19:27:04.548 id=46 [debug] handled request client -> server textDocument/documentSymbol in 922µs

19:27:06.220 [debug] handled notification client -> server $/cancelRequest in 102µs

19:27:06.480 [debug] handled notification client -> server textDocument/didChange in 2ms

19:27:06.481 id=49 [debug] handled request client -> server textDocument/codeAction in 1ms

19:27:06.503 [debug] handled notification client -> server textDocument/didSave in 1ms

19:27:06.817 id=50 [debug] handled request client -> server textDocument/documentSymbol in 1ms

19:27:06.825 id=51 [debug] handled request client -> server textDocument/documentSymbol in 1ms

19:27:06.874 [debug] handled notification client -> server workspace/didChangeWatchedFiles in 204µs

19:27:07.385 [error] ** (Protocol.UndefinedError) protocol Enumerable not implemented for %GenLSP.ErrorResponse{message: "Timeout", code: -32603, data: nil} of type GenLSP.ErrorResponse (a struct). This protocol is implemented for the following type(s): DBConnection.PrepareStream, DBConnection.Stream, Date.Range, Exqlite.Stream, File.Stream, Function, GenEvent.Stream, HashDict, HashSet, IO.Stream, Jason.OrderedObject, List, Map, MapSet, Range, Stream
    (elixir 1.17.3) lib/enum.ex:1: Enumerable.impl_for!/1
    (elixir 1.17.3) lib/enum.ex:166: Enumerable.reduce/3
    (elixir 1.17.3) lib/enum.ex:4423: Enum.reject/2
    (next_ls 0.23.4) lib/next_ls.ex:241: NextLS.handle_request/2
    (gen_lsp 0.11.0) lib/gen_lsp.ex:372: anonymous fn/2 in GenLSP.loop/3
    (telemetry 1.3.0) /Users/runner/work/next-ls/next-ls/deps/telemetry/src/telemetry.erl:324: :telemetry.span/3
    (gen_lsp 0.11.0) lib/gen_lsp.ex:371: anonymous fn/5 in GenLSP.loop/3
    (gen_lsp 0.11.0) lib/gen_lsp.ex:601: anonymous fn/4 in GenLSP.attempt/4


19:27:07.385 [debug] sent notification server -> client window/logMessage

19:27:13.709 [debug] handled notification client -> server textDocument/didOpen in 307µs

19:27:13.713 id=52 [debug] handled request client -> server textDocument/codeAction in 307µs

19:27:13.732 id=53 [debug] handled request client -> server textDocument/documentSymbol in 2ms

19:27:13.809 id=54 [debug] handled request client -> server textDocument/codeAction in 410µs

19:27:13.973 id=55 [debug] handled request client -> server textDocument/codeAction in 614µs

19:27:14.022 id=56 [debug] handled request client -> server textDocument/documentSymbol in 2ms

19:27:14.771 id=57 [debug] handled request client -> server textDocument/codeAction in 614µs

19:27:14.923 id=58 [debug] handled request client -> server textDocument/codeAction in 307µs

19:27:15.074 [debug] handled notification client -> server textDocument/didChange in 205µs

19:27:15.074 id=59 [debug] handled request client -> server textDocument/codeAction in 205µs

19:27:15.232 id=60 [debug] handled request client -> server textDocument/codeAction in 921µs

19:27:15.324 id=61 [debug] handled request client -> server textDocument/documentSymbol in 2ms

19:27:15.353 id=62 [debug] handled request client -> server textDocument/documentSymbol in 1ms

19:27:16.330 [debug] handled notification client -> server textDocument/didChange in 1ms

19:27:16.331 [debug] handled notification client -> server textDocument/didSave in 1ms

19:27:16.607 [debug] handled notification client -> server workspace/didChangeWatchedFiles in 308µs

19:27:16.607 id=63 [debug] handled request client -> server textDocument/documentSymbol in 819µs

19:27:16.618 id=64 [debug] handled request client -> server textDocument/documentSymbol in 922µs

19:27:23.428 [debug] handled notification client -> server textDocument/didOpen in 409µs

19:27:23.436 id=65 [debug] handled request client -> server textDocument/codeAction in 512µs

19:27:23.451 id=66 [debug] handled request client -> server textDocument/documentSymbol in 1ms

19:27:23.517 id=67 [debug] handled request client -> server textDocument/codeAction in 409µs

19:27:23.699 id=68 [debug] handled request client -> server textDocument/codeAction in 512µs

19:27:23.746 id=69 [debug] handled request client -> server textDocument/documentSymbol in 1ms

19:27:24.071 id=70 [debug] handled request client -> server textDocument/codeAction in 922µs

19:27:24.469 id=71 [debug] handled request client -> server textDocument/codeAction in 204µs

19:27:24.617 id=72 [debug] handled request client -> server textDocument/codeAction in 614µs

19:27:24.797 [debug] handled notification client -> server textDocument/didChange in 1ms

19:27:24.798 id=73 [debug] handled request client -> server textDocument/codeAction in 1ms

19:27:24.949 id=74 [debug] handled request client -> server textDocument/codeAction in 921µs

19:27:25.049 id=75 [debug] handled request client -> server textDocument/documentSymbol in 1ms

19:27:25.050 id=76 [debug] handled request client -> server textDocument/documentSymbol in 1ms

19:27:25.833 [debug] handled notification client -> server textDocument/didChange in 409µs

19:27:25.833 [debug] handled notification client -> server textDocument/didSave in 819µs

19:27:26.167 [debug] handled notification client -> server workspace/didChangeWatchedFiles in 410µs

19:27:26.167 id=77 [debug] handled request client -> server textDocument/documentSymbol in 819µs

19:27:26.168 id=78 [debug] handled request client -> server textDocument/documentSymbol in 819µs

19:27:28.077 [debug] handled notification client -> server $/cancelRequest in 103µs
